2026-05-05 02:01:14.849 [[31MERROR[39M] Farcaster fetch error
  {
  "module": "SignalEngine",
  "keyword": "WIF",
  "error": "Farcaster API 503"
}
2026-05-05 02:01:15.513 [[31MERROR[39M] Farcaster fetch error
  {
  "module": "SignalEngine",
  "keyword": "BONK",
  "error": "Farcaster API 503"
}
2026-05-05 02:01:15.721 [[31MERROR[39M] Farcaster fetch error
  {
  "module": "SignalEngine",
  "keyword": "POPCAT",
  "error": "Farcaster API 503"
}
2026-05-05 02:01:15.918 [[31MERROR[39M] Farcaster fetch error
  {
  "module": "SignalEngine",
  "keyword": "PENGU",
  "error": "Farcaster API 503"
}
2026-05-05 02:01:16.081 [[31MERROR[39M] Farcaster fetch error
  {
  "module": "SignalEngine",
  "keyword": "MOODENG",
  "error": "Farcaster API 503"
}
2026-05-05 02:01:44.583 [[31MERROR[39M] Farcaster fetch error
  {
  "module": "SignalEngine",
  "keyword": "WIF",
  "error": "Farcaster API 503"
}
2026-05-05 02:01:44.900 [[31MERROR[39M] Farcaster fetch error
  {
  "module": "SignalEngine",
  "keyword": "BONK",
  "error": "Farcaster API 503"
}
2026-05-05 02:01:45.105 [[31MERROR[39M] Farcaster fetch error
  {
  "module": "SignalEngine",
  "keyword": "POPCAT",
  "error": "Farcaster API 503"
}
2026-05-05 02:01:45.317 [[31MERROR[39M] Farcaster fetch error
  {
  "module": "SignalEngine",
  "keyword": "PENGU",
  "error": "Farcaster API 503"
}
2026-05-05 02:01:45.625 [[31MERROR[39M] Farcaster fetch error
  {
  "module": "SignalEngine",
  "keyword": "MOODENG",
  "error": "Farcaster API 503"
}
2026-05-05 02:02:14.701 [[31MERROR[39M] Farcaster fetch error
  {
  "module": "SignalEngine",
  "keyword": "WIF",
  "error": "Farcaster API 503"
}
2026-05-05 02:02:15.118 [[31MERROR[39M] Farcaster fetch error
  {
  "module": "SignalEngine",
  "keyword": "BONK",
  "error": "Farcaster API 503"
}
2026-05-05 02:02:15.315 [[31MERROR[39M] Farcaster fetch error
  {
  "module": "SignalEngine",
  "keyword": "POPCAT",
  "error": "Farcaster API 503"
}
2026-05-05 02:02:15.541 [[31MERROR[39M] Farcaster fetch error
  {
  "module": "SignalEngine",
  "keyword": "PENGU",
  "error": "Farcaster API 503"
}
2026-05-05 02:02:15.723 [[31MERROR[39M] Farcaster fetch error
  {
  "module": "SignalEngine",
  "keyword": "MOODENG",
  "error": "Farcaster API 503"
}
2026-05-05 02:02:44.798 [[31MERROR[39M] Farcaster fetch error
  {
  "module": "SignalEngine",
  "keyword": "WIF",
  "error": "Farcaster API 503"
}
2026-05-05 02:02:45.121 [[31MERROR[39M] Farcaster fetch error
  {
  "module": "SignalEngine",
  "keyword": "BONK",
  "error": "Farcaster API 503"
}
2026-05-05 02:02:45.308 [[31MERROR[39M] Farcaster fetch error
  {
  "module": "SignalEngine",
  "keyword": "POPCAT",
  "error": "Farcaster API 503"
}
2026-05-05 02:02:45.514 [[31MERROR[39M] Farcaster fetch error
  {
  "module": "SignalEngine",
  "keyword": "PENGU",
  "error": "Farcaster API 503"
}
2026-05-05 02:02:45.726 [[31MERROR[39M] Farcaster fetch error
  {
  "module": "SignalEngine",
  "keyword": "MOODENG",
  "error": "Farcaster API 503"
}
2026-05-05 02:03:14.713 [[31MERROR[39M] Farcaster fetch error
  {
  "module": "SignalEngine",
  "keyword": "WIF",
  "error": "Farcaster API 503"
}
2026-05-05 02:03:15.006 [[31MERROR[39M] Farcaster fetch error
  {
  "module": "SignalEngine",
  "keyword": "BONK",
  "error": "Farcaster API 503"
}
2026-05-05 02:03:15.208 [[31MERROR[39M] Farcaster fetch error
  {
  "module": "SignalEngine",
  "keyword": "POPCAT",
  "error": "Farcaster API 503"
}
2026-05-05 02:03:15.358 [[31MERROR[39M] Farcaster fetch error
  {
  "module": "SignalEngine",
  "keyword": "PENGU",
  "error": "Farcaster API 503"
}
2026-05-05 02:03:15.522 [[31MERROR[39M] Farcaster fetch error
  {
  "module": "SignalEngine",
  "keyword": "MOODENG",
  "error": "Farcaster API 503"
}
2026-05-05 02:03:45.017 [[31MERROR[39M] Farcaster fetch error
  {
  "module": "SignalEngine",
  "keyword": "WIF",
  "error": "Farcaster API 503"
}
2026-05-05 02:03:45.340 [[31MERROR[39M] Farcaster fetch error
  {
  "module": "SignalEngine",
  "keyword": "BONK",
  "error": "Farcaster API 503"
}
2026-05-05 02:03:45.621 [[31MERROR[39M] Farcaster fetch error
  {
  "module": "SignalEngine",
  "keyword": "POPCAT",
  "error": "Farcaster API 503"
}
2026-05-05 02:03:45.830 [[31MERROR[39M] Farcaster fetch error
  {
  "module": "SignalEngine",
  "keyword": "PENGU",
  "error": "Farcaster API 503"
}
2026-05-05 02:03:46.045 [[31MERROR[39M] Farcaster fetch error
  {
  "module": "SignalEngine",
  "keyword": "MOODENG",
  "error": "Farcaster API 503"
}
2026-05-05 02:04:15.023 [[31MERROR[39M] Farcaster fetch error
  {
  "module": "SignalEngine",
  "keyword": "WIF",
  "error": "Farcaster API 503"
}
2026-05-05 02:04:15.328 [[31MERROR[39M] Farcaster fetch error
  {
  "module": "SignalEngine",
  "keyword": "BONK",
  "error": "Farcaster API 503"
}
2026-05-05 02:04:15.546 [[31MERROR[39M] Farcaster fetch error
  {
  "module": "SignalEngine",
  "keyword": "POPCAT",
  "error": "Farcaster API 503"
}
2026-05-05 02:04:15.842 [[31MERROR[39M] Farcaster fetch error
  {
  "module": "SignalEngine",
  "keyword": "PENGU",
  "error": "Farcaster API 503"
}
2026-05-05 02:04:16.043 [[31MERROR[39M] Farcaster fetch error
  {
  "module": "SignalEngine",
  "keyword": "MOODENG",
  "error": "Farcaster API 503"
}
2026-05-05 02:04:44.647 [[31MERROR[39M] Farcaster fetch error
  {
  "module": "SignalEngine",
  "keyword": "WIF",
  "error": "Farcaster API 503"
}
2026-05-05 02:04:44.917 [[31MERROR[39M] Farcaster fetch error
  {
  "module": "SignalEngine",
  "keyword": "BONK",
  "error": "Farcaster API 503"
}
2026-05-05 02:04:45.228 [[31MERROR[39M] Farcaster fetch error
  {
  "module": "SignalEngine",
  "keyword": "POPCAT",
  "error": "Farcaster API 503"
}
2026-05-05 02:04:45.385 [[31MERROR[39M] Farcaster fetch error
  {
  "module": "SignalEngine",
  "keyword": "PENGU",
  "error": "Farcaster API 503"
}
2026-05-05 02:04:45.534 [[31MERROR[39M] Farcaster fetch error
  {
  "module": "SignalEngine",
  "keyword": "MOODENG",
  "error": "Farcaster API 503"
}
2026-05-05 02:05:15.020 [[31MERROR[39M] Farcaster fetch error
  {
  "module": "SignalEngine",
  "keyword": "WIF",
  "error": "Farcaster API 503"
}
2026-05-05 02:05:15.520 [[31MERROR[39M] Farcaster fetch error
  {
  "module": "SignalEngine",
  "keyword": "BONK",
  "error": "Farcaster API 503"
}
2026-05-05 02:05:15.746 [[31MERROR[39M] Farcaster fetch error
  {
  "module": "SignalEngine",
  "keyword": "POPCAT",
  "error": "Farcaster API 503"
}
2026-05-05 02:05:15.960 [[31MERROR[39M] Farcaster fetch error
  {
  "module": "SignalEngine",
  "keyword": "PENGU",
  "error": "Farcaster API 503"
}
2026-05-05 02:05:16.264 [[31MERROR[39M] Farcaster fetch error
  {
  "module": "SignalEngine",
  "keyword": "MOODENG",
  "error": "Farcaster API 503"
}
2026-05-05 02:05:44.617 [[31MERROR[39M] Farcaster fetch error
  {
  "module": "SignalEngine",
  "keyword": "WIF",
  "error": "Farcaster API 503"
}
2026-05-05 02:05:45.224 [[31MERROR[39M] Farcaster fetch error
  {
  "module": "SignalEngine",
  "keyword": "BONK",
  "error": "Farcaster API 503"
}
2026-05-05 02:05:45.424 [[31MERROR[39M] Farcaster fetch error
  {
  "module": "SignalEngine",
  "keyword": "POPCAT",
  "error": "Farcaster API 503"
}
2026-05-05 02:05:45.664 [[31MERROR[39M] Farcaster fetch error
  {
  "module": "SignalEngine",
  "keyword": "PENGU",
  "error": "Farcaster API 503"
}
2026-05-05 02:05:45.811 [[31MERROR[39M] Farcaster fetch error
  {
  "module": "SignalEngine",
  "keyword": "MOODENG",
  "error": "Farcaster API 503"
}
2026-05-05 02:06:14.829 [[31MERROR[39M] Farcaster fetch error
  {
  "module": "SignalEngine",
  "keyword": "WIF",
  "error": "Farcaster API 503"
}
2026-05-05 02:06:15.177 [[31MERROR[39M] Farcaster fetch error
  {
  "module": "SignalEngine",
  "keyword": "BONK",
  "error": "Farcaster API 503"
}
2026-05-05 02:06:15.659 [[31MERROR[39M] Farcaster fetch error
  {
  "module": "SignalEngine",
  "keyword": "POPCAT",
  "error": "Farcaster API 503"
}
2026-05-05 02:06:15.847 [[31MERROR[39M] Farcaster fetch error
  {
  "module": "SignalEngine",
  "keyword": "PENGU",
  "error": "Farcaster API 503"
}
2026-05-05 02:06:16.238 [[31MERROR[39M] Farcaster fetch error
  {
  "module": "SignalEngine",
  "keyword": "MOODENG",
  "error": "Farcaster API 503"
}
2026-05-05 02:06:44.705 [[31MERROR[39M] Farcaster fetch error
  {
  "module": "SignalEngine",
  "keyword": "WIF",
  "error": "Farcaster API 503"
}
2026-05-05 02:06:45.132 [[31MERROR[39M] Farcaster fetch error
  {
  "module": "SignalEngine",
  "keyword": "BONK",
  "error": "Farcaster API 503"
}
2026-05-05 02:06:45.342 [[31MERROR[39M] Farcaster fetch error
  {
  "module": "SignalEngine",
  "keyword": "POPCAT",
  "error": "Farcaster API 503"
}
2026-05-05 02:06:45.491 [[31MERROR[39M] Farcaster fetch error
  {
  "module": "SignalEngine",
  "keyword": "PENGU",
  "error": "Farcaster API 503"
}
2026-05-05 02:06:45.683 [[31MERROR[39M] Farcaster fetch error
  {
  "module": "SignalEngine",
  "keyword": "MOODENG",
  "error": "Farcaster API 503"
}
2026-05-05 02:07:14.931 [[31MERROR[39M] Farcaster fetch error
  {
  "module": "SignalEngine",
  "keyword": "WIF",
  "error": "Farcaster API 503"
}
2026-05-05 02:07:15.236 [[31MERROR[39M] Farcaster fetch error
  {
  "module": "SignalEngine",
  "keyword": "BONK",
  "error": "Farcaster API 503"
}
2026-05-05 02:07:15.643 [[31MERROR[39M] Farcaster fetch error
  {
  "module": "SignalEngine",
  "keyword": "POPCAT",
  "error": "Farcaster API 503"
}
2026-05-05 02:07:15.887 [[31MERROR[39M] Farcaster fetch error
  {
  "module": "SignalEngine",
  "keyword": "PENGU",
  "error": "Farcaster API 503"
}
2026-05-05 02:07:16.162 [[31MERROR[39M] Farcaster fetch error
  {
  "module": "SignalEngine",
  "keyword": "MOODENG",
  "error": "Farcaster API 503"
}
2026-05-05 02:07:44.769 [[31MERROR[39M] Farcaster fetch error
  {
  "module": "SignalEngine",
  "keyword": "WIF",
  "error": "Farcaster API 503"
}
2026-05-05 02:07:45.154 [[31MERROR[39M] Farcaster fetch error
  {
  "module": "SignalEngine",
  "keyword": "BONK",
  "error": "Farcaster API 503"
}
2026-05-05 02:07:45.376 [[31MERROR[39M] Farcaster fetch error
  {
  "module": "SignalEngine",
  "keyword": "POPCAT",
  "error": "Farcaster API 503"
}
2026-05-05 02:07:45.586 [[31MERROR[39M] Farcaster fetch error
  {
  "module": "SignalEngine",
  "keyword": "PENGU",
  "error": "Farcaster API 503"
}
2026-05-05 02:07:45.751 [[31MERROR[39M] Farcaster fetch error
  {
  "module": "SignalEngine",
  "keyword": "MOODENG",
  "error": "Farcaster API 503"
}
2026-05-05 02:08:14.918 [[31MERROR[39M] Farcaster fetch error
  {
  "module": "SignalEngine",
  "keyword": "WIF",
  "error": "Farcaster API 503"
}
2026-05-05 02:08:15.251 [[31MERROR[39M] Farcaster fetch error
  {
  "module": "SignalEngine",
  "keyword": "BONK",
  "error": "Farcaster API 503"
}
2026-05-05 02:08:15.497 [[31MERROR[39M] Farcaster fetch error
  {
  "module": "SignalEngine",
  "keyword": "POPCAT",
  "error": "Farcaster API 503"
}
2026-05-05 02:08:15.712 [[31MERROR[39M] Farcaster fetch error
  {
  "module": "SignalEngine",
  "keyword": "PENGU",
  "error": "Farcaster API 503"
}
2026-05-05 02:08:15.872 [[31MERROR[39M] Farcaster fetch error
  {
  "module": "SignalEngine",
  "keyword": "MOODENG",
  "error": "Farcaster API 503"
}
2026-05-05 02:08:44.664 [[31MERROR[39M] Farcaster fetch error
  {
  "module": "SignalEngine",
  "keyword": "WIF",
  "error": "Farcaster API 503"
}
2026-05-05 02:08:45.046 [[31MERROR[39M] Farcaster fetch error
  {
  "module": "SignalEngine",
  "keyword": "BONK",
  "error": "Farcaster API 503"
}
2026-05-05 02:08:45.284 [[31MERROR[39M] Farcaster fetch error
  {
  "module": "SignalEngine",
  "keyword": "POPCAT",
  "error": "Farcaster API 503"
}
2026-05-05 02:08:45.444 [[31MERROR[39M] Farcaster fetch error
  {
  "module": "SignalEngine",
  "keyword": "PENGU",
  "error": "Farcaster API 503"
}
2026-05-05 02:08:45.594 [[31MERROR[39M] Farcaster fetch error
  {
  "module": "SignalEngine",
  "keyword": "MOODENG",
  "error": "Farcaster API 503"
}
2026-05-05 02:09:14.669 [[31MERROR[39M] Farcaster fetch error
  {
  "module": "SignalEngine",
  "keyword": "WIF",
  "error": "Farcaster API 503"
}
2026-05-05 02:09:15.334 [[31MERROR[39M] Farcaster fetch error
  {
  "module": "SignalEngine",
  "keyword": "BONK",
  "error": "Farcaster API 503"
}
2026-05-05 02:09:15.494 [[31MERROR[39M] Farcaster fetch error
  {
  "module": "SignalEngine",
  "keyword": "POPCAT",
  "error": "Farcaster API 503"
}
2026-05-05 02:09:15.657 [[31MERROR[39M] Farcaster fetch error
  {
  "module": "SignalEngine",
  "keyword": "PENGU",
  "error": "Farcaster API 503"
}
2026-05-05 02:09:15.902 [[31MERROR[39M] Farcaster fetch error
  {
  "module": "SignalEngine",
  "keyword": "MOODENG",
  "error": "Farcaster API 503"
}
2026-05-05 02:09:44.748 [[31MERROR[39M] Farcaster fetch error
  {
  "module": "SignalEngine",
  "keyword": "WIF",
  "error": "Farcaster API 503"
}
2026-05-05 02:09:45.052 [[31MERROR[39M] Farcaster fetch error
  {
  "module": "SignalEngine",
  "keyword": "BONK",
  "error": "Farcaster API 503"
}
2026-05-05 02:09:45.490 [[31MERROR[39M] Farcaster fetch error
  {
  "module": "SignalEngine",
  "keyword": "POPCAT",
  "error": "Farcaster API 503"
}
2026-05-05 02:09:45.650 [[31MERROR[39M] Farcaster fetch error
  {
  "module": "SignalEngine",
  "keyword": "PENGU",
  "error": "Farcaster API 503"
}
2026-05-05 02:09:45.836 [[31MERROR[39M] Farcaster fetch error
  {
  "module": "SignalEngine",
  "keyword": "MOODENG",
  "error": "Farcaster API 503"
}
2026-05-05 02:10:14.750 [[31MERROR[39M] Farcaster fetch error
  {
  "module": "SignalEngine",
  "keyword": "WIF",
  "error": "Farcaster API 503"
}
2026-05-05 02:10:15.054 [[31MERROR[39M] Farcaster fetch error
  {
  "module": "SignalEngine",
  "keyword": "BONK",
  "error": "Farcaster API 503"
}
2026-05-05 02:10:15.264 [[31MERROR[39M] Farcaster fetch error
  {
  "module": "SignalEngine",
  "keyword": "POPCAT",
  "error": "Farcaster API 503"
}
2026-05-05 02:10:15.645 [[31MERROR[39M] Farcaster fetch error
  {
  "module": "SignalEngine",
  "keyword": "PENGU",
  "error": "Farcaster API 503"
}
2026-05-05 02:10:15.841 [[31MERROR[39M] Farcaster fetch error
  {
  "module": "SignalEngine",
  "keyword": "MOODENG",
  "error": "Farcaster API 503"
}
2026-05-05 02:10:45.596 [[31MERROR[39M] Farcaster fetch error
  {
  "module": "SignalEngine",
  "keyword": "WIF",
  "error": "Farcaster API 503"
}
2026-05-05 02:10:46.027 [[31MERROR[39M] Farcaster fetch error
  {
  "module": "SignalEngine",
  "keyword": "BONK",
  "error": "Farcaster API 503"
}
2026-05-05 02:10:46.288 [[31MERROR[39M] Farcaster fetch error
  {
  "module": "SignalEngine",
  "keyword": "POPCAT",
  "error": "Farcaster API 503"
}
2026-05-05 02:10:46.502 [[31MERROR[39M] Farcaster fetch error
  {
  "module": "SignalEngine",
  "keyword": "PENGU",
  "error": "Farcaster API 503"
}
2026-05-05 02:10:46.821 [[31MERROR[39M] Farcaster fetch error
  {
  "module": "SignalEngine",
  "keyword": "MOODENG",
  "error": "Farcaster API 503"
}
2026-05-05 02:11:14.788 [[31MERROR[39M] Farcaster fetch error
  {
  "module": "SignalEngine",
  "keyword": "WIF",
  "error": "Farcaster API 503"
}
2026-05-05 02:11:15.120 [[31MERROR[39M] Farcaster fetch error
  {
  "module": "SignalEngine",
  "keyword": "BONK",
  "error": "Farcaster API 503"
}
2026-05-05 02:11:15.271 [[31MERROR[39M] Farcaster fetch error
  {
  "module": "SignalEngine",
  "keyword": "POPCAT",
  "error": "Farcaster API 503"
}
2026-05-05 02:11:15.421 [[31MERROR[39M] Farcaster fetch error
  {
  "module": "SignalEngine",
  "keyword": "PENGU",
  "error": "Farcaster API 503"
}
2026-05-05 02:11:15.575 [[31MERROR[39M] Farcaster fetch error
  {
  "module": "SignalEngine",
  "keyword": "MOODENG",
  "error": "Farcaster API 503"
}
2026-05-05 02:11:44.797 [[31MERROR[39M] Farcaster fetch error
  {
  "module": "SignalEngine",
  "keyword": "WIF",
  "error": "Farcaster API 503"
}
2026-05-05 02:11:45.080 [[31MERROR[39M] Farcaster fetch error
  {
  "module": "SignalEngine",
  "keyword": "BONK",
  "error": "Farcaster API 503"
}
2026-05-05 02:11:45.488 [[31MERROR[39M] Farcaster fetch error
  {
  "module": "SignalEngine",
  "keyword": "POPCAT",
  "error": "Farcaster API 503"
}
2026-05-05 02:11:45.689 [[31MERROR[39M] Farcaster fetch error
  {
  "module": "SignalEngine",
  "keyword": "PENGU",
  "error": "Farcaster API 503"
}
2026-05-05 02:11:45.878 [[31MERROR[39M] Farcaster fetch error
  {
  "module": "SignalEngine",
  "keyword": "MOODENG",
  "error": "Farcaster API 503"
}
2026-05-05 02:12:14.772 [[31MERROR[39M] Farcaster fetch error
  {
  "module": "SignalEngine",
  "keyword": "WIF",
  "error": "Farcaster API 503"
}
2026-05-05 02:12:15.699 [[31MERROR[39M] Farcaster fetch error
  {
  "module": "SignalEngine",
  "keyword": "BONK",
  "error": "Farcaster API 503"
}
2026-05-05 02:12:15.900 [[31MERROR[39M] Farcaster fetch error
  {
  "module": "SignalEngine",
  "keyword": "POPCAT",
  "error": "Farcaster API 503"
}
2026-05-05 02:12:16.108 [[31MERROR[39M] Farcaster fetch error
  {
  "module": "SignalEngine",
  "keyword": "PENGU",
  "error": "Farcaster API 503"
}
2026-05-05 02:12:16.808 [[31MERROR[39M] Farcaster fetch error
  {
  "module": "SignalEngine",
  "keyword": "MOODENG",
  "error": "Farcaster API 503"
}
2026-05-05 02:12:44.862 [[31MERROR[39M] Farcaster fetch error
  {
  "module": "SignalEngine",
  "keyword": "WIF",
  "error": "Farcaster API 503"
}
2026-05-05 02:12:45.382 [[31MERROR[39M] Farcaster fetch error
  {
  "module": "SignalEngine",
  "keyword": "BONK",
  "error": "Farcaster API 503"
}
2026-05-05 02:12:45.601 [[31MERROR[39M] Farcaster fetch error
  {
  "module": "SignalEngine",
  "keyword": "POPCAT",
  "error": "Farcaster API 503"
}
2026-05-05 02:12:45.905 [[31MERROR[39M] Farcaster fetch error
  {
  "module": "SignalEngine",
  "keyword": "PENGU",
  "error": "Farcaster API 503"
}
2026-05-05 02:12:46.104 [[31MERROR[39M] Farcaster fetch error
  {
  "module": "SignalEngine",
  "keyword": "MOODENG",
  "error": "Farcaster API 503"
}
2026-05-05 02:13:14.989 [[31MERROR[39M] Farcaster fetch error
  {
  "module": "SignalEngine",
  "keyword": "WIF",
  "error": "Farcaster API 503"
}
2026-05-05 02:13:15.384 [[31MERROR[39M] Farcaster fetch error
  {
  "module": "SignalEngine",
  "keyword": "BONK",
  "error": "Farcaster API 503"
}
2026-05-05 02:13:15.611 [[31MERROR[39M] Farcaster fetch error
  {
  "module": "SignalEngine",
  "keyword": "POPCAT",
  "error": "Farcaster API 503"
}
2026-05-05 02:13:16.010 [[31MERROR[39M] Farcaster fetch error
  {
  "module": "SignalEngine",
  "keyword": "PENGU",
  "error": "Farcaster API 503"
}
2026-05-05 02:13:16.316 [[31MERROR[39M] Farcaster fetch error
  {
  "module": "SignalEngine",
  "keyword": "MOODENG",
  "error": "Farcaster API 503"
}
2026-05-05 02:13:44.884 [[31MERROR[39M] Farcaster fetch error
  {
  "module": "SignalEngine",
  "keyword": "WIF",
  "error": "Farcaster API 503"
}
2026-05-05 02:13:45.402 [[31MERROR[39M] Farcaster fetch error
  {
  "module": "SignalEngine",
  "keyword": "BONK",
  "error": "Farcaster API 503"
}
2026-05-05 02:13:45.703 [[31MERROR[39M] Farcaster fetch error
  {
  "module": "SignalEngine",
  "keyword": "POPCAT",
  "error": "Farcaster API 503"
}
2026-05-05 02:13:46.006 [[31MERROR[39M] Farcaster fetch error
  {
  "module": "SignalEngine",
  "keyword": "PENGU",
  "error": "Farcaster API 503"
}
2026-05-05 02:13:46.213 [[31MERROR[39M] Farcaster fetch error
  {
  "module": "SignalEngine",
  "keyword": "MOODENG",
  "error": "Farcaster API 503"
}
2026-05-05 02:15:34.705 [[31MERROR[39M] Farcaster fetch error
  {
  "module": "SignalEngine",
  "keyword": "WIF",
  "error": "Farcaster API 503"
}
2026-05-05 02:15:35.164 [[31MERROR[39M] Farcaster fetch error
  {
  "module": "SignalEngine",
  "keyword": "BONK",
  "error": "Farcaster API 503"
}
2026-05-05 02:15:35.364 [[31MERROR[39M] Farcaster fetch error
  {
  "module": "SignalEngine",
  "keyword": "POPCAT",
  "error": "Farcaster API 503"
}
2026-05-05 02:15:35.574 [[31MERROR[39M] Farcaster fetch error
  {
  "module": "SignalEngine",
  "keyword": "PENGU",
  "error": "Farcaster API 503"
}
2026-05-05 02:15:35.780 [[31MERROR[39M] Farcaster fetch error
  {
  "module": "SignalEngine",
  "keyword": "MOODENG",
  "error": "Farcaster API 503"
}
2026-05-05 02:16:04.343 [[31MERROR[39M] Farcaster fetch error
  {
  "module": "SignalEngine",
  "keyword": "WIF",
  "error": "Farcaster API 503"
}
2026-05-05 02:16:04.652 [[31MERROR[39M] Farcaster fetch error
  {
  "module": "SignalEngine",
  "keyword": "BONK",
  "error": "Farcaster API 503"
}
2026-05-05 02:16:04.860 [[31MERROR[39M] Farcaster fetch error
  {
  "module": "SignalEngine",
  "keyword": "POPCAT",
  "error": "Farcaster API 503"
}
2026-05-05 02:16:05.009 [[31MERROR[39M] Farcaster fetch error
  {
  "module": "SignalEngine",
  "keyword": "PENGU",
  "error": "Farcaster API 503"
}
2026-05-05 02:16:05.172 [[31MERROR[39M] Farcaster fetch error
  {
  "module": "SignalEngine",
  "keyword": "MOODENG",
  "error": "Farcaster API 503"
}
2026-05-05 08:13:37.243 [[31MERROR[39M] Farcaster fetch error
  {
  "module": "SignalEngine",
  "keyword": "WIF",
  "error": "Farcaster API 503"
}
2026-05-05 08:13:37.483 [[31MERROR[39M] Farcaster fetch error
  {
  "module": "SignalEngine",
  "keyword": "BONK",
  "error": "Farcaster API 503"
}
2026-05-05 08:13:37.673 [[31MERROR[39M] Farcaster fetch error
  {
  "module": "SignalEngine",
  "keyword": "POPCAT",
  "error": "Farcaster API 503"
}
2026-05-05 08:13:37.816 [[31MERROR[39M] Farcaster fetch error
  {
  "module": "SignalEngine",
  "keyword": "PENGU",
  "error": "Farcaster API 503"
}
2026-05-05 08:13:37.941 [[31MERROR[39M] Farcaster fetch error
  {
  "module": "SignalEngine",
  "keyword": "MOODENG",
  "error": "Farcaster API 503"
}
2026-05-05 08:14:06.738 [[31MERROR[39M] Farcaster fetch error
  {
  "module": "SignalEngine",
  "keyword": "WIF",
  "error": "Farcaster API 503"
}
2026-05-05 08:14:07.183 [[31MERROR[39M] Farcaster fetch error
  {
  "module": "SignalEngine",
  "keyword": "BONK",
  "error": "Farcaster API 503"
}
2026-05-05 08:14:07.311 [[31MERROR[39M] Farcaster fetch error
  {
  "module": "SignalEngine",
  "keyword": "POPCAT",
  "error": "Farcaster API 503"
}
2026-05-05 08:14:07.495 [[31MERROR[39M] Farcaster fetch error
  {
  "module": "SignalEngine",
  "keyword": "PENGU",
  "error": "Farcaster API 503"
}
2026-05-05 08:14:07.606 [[31MERROR[39M] Farcaster fetch error
  {
  "module": "SignalEngine",
  "keyword": "MOODENG",
  "error": "Farcaster API 503"
}
2026-05-05 08:14:36.862 [[31MERROR[39M] Farcaster fetch error
  {
  "module": "SignalEngine",
  "keyword": "WIF",
  "error": "Farcaster API 503"
}
2026-05-05 08:14:37.072 [[31MERROR[39M] Farcaster fetch error
  {
  "module": "SignalEngine",
  "keyword": "BONK",
  "error": "Farcaster API 503"
}
2026-05-05 08:14:37.310 [[31MERROR[39M] Farcaster fetch error
  {
  "module": "SignalEngine",
  "keyword": "POPCAT",
  "error": "Farcaster API 503"
}
2026-05-05 08:14:37.474 [[31MERROR[39M] Farcaster fetch error
  {
  "module": "SignalEngine",
  "keyword": "PENGU",
  "error": "Farcaster API 503"
}
2026-05-05 08:14:37.690 [[31MERROR[39M] Farcaster fetch error
  {
  "module": "SignalEngine",
  "keyword": "MOODENG",
  "error": "Farcaster API 503"
}
2026-05-05 08:15:06.780 [[31MERROR[39M] Farcaster fetch error
  {
  "module": "SignalEngine",
  "keyword": "WIF",
  "error": "Farcaster API 503"
}
2026-05-05 08:15:07.297 [[31MERROR[39M] Farcaster fetch error
  {
  "module": "SignalEngine",
  "keyword": "BONK",
  "error": "Farcaster API 503"
}
2026-05-05 08:15:07.478 [[31MERROR[39M] Farcaster fetch error
  {
  "module": "SignalEngine",
  "keyword": "POPCAT",
  "error": "Farcaster API 503"
}
2026-05-05 08:15:07.785 [[31MERROR[39M] Farcaster fetch error
  {
  "module": "SignalEngine",
  "keyword": "PENGU",
  "error": "Farcaster API 503"
}
2026-05-05 08:15:07.920 [[31MERROR[39M] Farcaster fetch error
  {
  "module": "SignalEngine",
  "keyword": "MOODENG",
  "error": "Farcaster API 503"
}
2026-05-05 08:15:36.872 [[31MERROR[39M] Farcaster fetch error
  {
  "module": "SignalEngine",
  "keyword": "WIF",
  "error": "Farcaster API 503"
}
2026-05-05 08:15:37.082 [[31MERROR[39M] Farcaster fetch error
  {
  "module": "SignalEngine",
  "keyword": "BONK",
  "error": "Farcaster API 503"
}
2026-05-05 08:15:37.276 [[31MERROR[39M] Farcaster fetch error
  {
  "module": "SignalEngine",
  "keyword": "POPCAT",
  "error": "Farcaster API 503"
}
2026-05-05 08:15:37.485 [[31MERROR[39M] Farcaster fetch error
  {
  "module": "SignalEngine",
  "keyword": "PENGU",
  "error": "Farcaster API 503"
}
2026-05-05 08:15:37.689 [[31MERROR[39M] Farcaster fetch error
  {
  "module": "SignalEngine",
  "keyword": "MOODENG",
  "error": "Farcaster API 503"
}
2026-05-05 08:16:06.692 [[31MERROR[39M] Farcaster fetch error
  {
  "module": "SignalEngine",
  "keyword": "WIF",
  "error": "Farcaster API 503"
}
2026-05-05 08:16:07.179 [[31MERROR[39M] Farcaster fetch error
  {
  "module": "SignalEngine",
  "keyword": "BONK",
  "error": "Farcaster API 503"
}
2026-05-05 08:16:07.385 [[31MERROR[39M] Farcaster fetch error
  {
  "module": "SignalEngine",
  "keyword": "POPCAT",
  "error": "Farcaster API 503"
}
2026-05-05 08:16:07.590 [[31MERROR[39M] Farcaster fetch error
  {
  "module": "SignalEngine",
  "keyword": "PENGU",
  "error": "Farcaster API 503"
}
2026-05-05 08:16:07.792 [[31MERROR[39M] Farcaster fetch error
  {
  "module": "SignalEngine",
  "keyword": "MOODENG",
  "error": "Farcaster API 503"
}
2026-05-05 08:16:37.008 [[31MERROR[39M] Farcaster fetch error
  {
  "module": "SignalEngine",
  "keyword": "WIF",
  "error": "Farcaster API 503"
}
2026-05-05 08:16:37.383 [[31MERROR[39M] Farcaster fetch error
  {
  "module": "SignalEngine",
  "keyword": "BONK",
  "error": "Farcaster API 503"
}
2026-05-05 08:16:37.638 [[31MERROR[39M] Farcaster fetch error
  {
  "module": "SignalEngine",
  "keyword": "POPCAT",
  "error": "Farcaster API 503"
}
2026-05-05 08:16:37.843 [[31MERROR[39M] Farcaster fetch error
  {
  "module": "SignalEngine",
  "keyword": "PENGU",
  "error": "Farcaster API 503"
}
2026-05-05 08:16:38.111 [[31MERROR[39M] Farcaster fetch error
  {
  "module": "SignalEngine",
  "keyword": "MOODENG",
  "error": "Farcaster API 503"
}
2026-05-05 08:17:06.678 [[31MERROR[39M] Farcaster fetch error
  {
  "module": "SignalEngine",
  "keyword": "WIF",
  "error": "Farcaster API 503"
}
2026-05-05 08:17:06.996 [[31MERROR[39M] Farcaster fetch error
  {
  "module": "SignalEngine",
  "keyword": "BONK",
  "error": "Farcaster API 503"
}
2026-05-05 08:17:07.287 [[31MERROR[39M] Farcaster fetch error
  {
  "module": "SignalEngine",
  "keyword": "POPCAT",
  "error": "Farcaster API 503"
}
2026-05-05 08:17:07.405 [[31MERROR[39M] Farcaster fetch error
  {
  "module": "SignalEngine",
  "keyword": "PENGU",
  "error": "Farcaster API 503"
}
2026-05-05 08:17:07.588 [[31MERROR[39M] Farcaster fetch error
  {
  "module": "SignalEngine",
  "keyword": "MOODENG",
  "error": "Farcaster API 503"
}
2026-05-05 08:17:36.785 [[31MERROR[39M] Farcaster fetch error
  {
  "module": "SignalEngine",
  "keyword": "WIF",
  "error": "Farcaster API 503"
}
2026-05-05 08:17:37.006 [[31MERROR[39M] Farcaster fetch error
  {
  "module": "SignalEngine",
  "keyword": "BONK",
  "error": "Farcaster API 503"
}
2026-05-05 08:17:37.388 [[31MERROR[39M] Farcaster fetch error
  {
  "module": "SignalEngine",
  "keyword": "POPCAT",
  "error": "Farcaster API 503"
}
2026-05-05 08:17:37.591 [[31MERROR[39M] Farcaster fetch error
  {
  "module": "SignalEngine",
  "keyword": "PENGU",
  "error": "Farcaster API 503"
}
2026-05-05 08:17:37.829 [[31MERROR[39M] Farcaster fetch error
  {
  "module": "SignalEngine",
  "keyword": "MOODENG",
  "error": "Farcaster API 503"
}
2026-05-05 08:18:06.780 [[31MERROR[39M] Farcaster fetch error
  {
  "module": "SignalEngine",
  "keyword": "WIF",
  "error": "Farcaster API 503"
}
2026-05-05 08:18:07.191 [[31MERROR[39M] Farcaster fetch error
  {
  "module": "SignalEngine",
  "keyword": "BONK",
  "error": "Farcaster API 503"
}
2026-05-05 08:18:07.396 [[31MERROR[39M] Farcaster fetch error
  {
  "module": "SignalEngine",
  "keyword": "POPCAT",
  "error": "Farcaster API 503"
}
2026-05-05 08:18:07.599 [[31MERROR[39M] Farcaster fetch error
  {
  "module": "SignalEngine",
  "keyword": "PENGU",
  "error": "Farcaster API 503"
}
2026-05-05 08:18:07.804 [[31MERROR[39M] Farcaster fetch error
  {
  "module": "SignalEngine",
  "keyword": "MOODENG",
  "error": "Farcaster API 503"
}
2026-05-05 08:18:36.853 [[31MERROR[39M] Farcaster fetch error
  {
  "module": "SignalEngine",
  "keyword": "WIF",
  "error": "Farcaster API 503"
}
2026-05-05 08:18:37.090 [[31MERROR[39M] Farcaster fetch error
  {
  "module": "SignalEngine",
  "keyword": "BONK",
  "error": "Farcaster API 503"
}
2026-05-05 08:18:37.214 [[31MERROR[39M] Farcaster fetch error
  {
  "module": "SignalEngine",
  "keyword": "POPCAT",
  "error": "Farcaster API 503"
}
2026-05-05 08:18:37.406 [[31MERROR[39M] Farcaster fetch error
  {
  "module": "SignalEngine",
  "keyword": "PENGU",
  "error": "Farcaster API 503"
}
2026-05-05 08:18:37.526 [[31MERROR[39M] Farcaster fetch error
  {
  "module": "SignalEngine",
  "keyword": "MOODENG",
  "error": "Farcaster API 503"
}
2026-05-05 08:19:06.732 [[31MERROR[39M] Farcaster fetch error
  {
  "module": "SignalEngine",
  "keyword": "WIF",
  "error": "Farcaster API 503"
}
2026-05-05 08:19:07.200 [[31MERROR[39M] Farcaster fetch error
  {
  "module": "SignalEngine",
  "keyword": "BONK",
  "error": "Farcaster API 503"
}
2026-05-05 08:19:07.402 [[31MERROR[39M] Farcaster fetch error
  {
  "module": "SignalEngine",
  "keyword": "POPCAT",
  "error": "Farcaster API 503"
}
2026-05-05 08:19:07.709 [[31MERROR[39M] Farcaster fetch error
  {
  "module": "SignalEngine",
  "keyword": "PENGU",
  "error": "Farcaster API 503"
}
2026-05-05 08:19:07.919 [[31MERROR[39M] Farcaster fetch error
  {
  "module": "SignalEngine",
  "keyword": "MOODENG",
  "error": "Farcaster API 503"
}
2026-05-05 08:19:36.693 [[31MERROR[39M] Farcaster fetch error
  {
  "module": "SignalEngine",
  "keyword": "WIF",
  "error": "Farcaster API 503"
}
2026-05-05 08:19:36.897 [[31MERROR[39M] Farcaster fetch error
  {
  "module": "SignalEngine",
  "keyword": "BONK",
  "error": "Farcaster API 503"
}
2026-05-05 08:19:37.099 [[31MERROR[39M] Farcaster fetch error
  {
  "module": "SignalEngine",
  "keyword": "POPCAT",
  "error": "Farcaster API 503"
}
2026-05-05 08:19:37.303 [[31MERROR[39M] Farcaster fetch error
  {
  "module": "SignalEngine",
  "keyword": "PENGU",
  "error": "Farcaster API 503"
}
2026-05-05 08:19:37.471 [[31MERROR[39M] Farcaster fetch error
  {
  "module": "SignalEngine",
  "keyword": "MOODENG",
  "error": "Farcaster API 503"
}
2026-05-05 08:26:06.898 [[31MERROR[39M] Farcaster fetch error
  {
  "module": "SignalEngine",
  "keyword": "WIF",
  "error": "Farcaster API 503"
}
2026-05-05 08:26:07.167 [[31MERROR[39M] Farcaster fetch error
  {
  "module": "SignalEngine",
  "keyword": "BONK",
  "error": "Farcaster API 503"
}
2026-05-05 08:26:07.288 [[31MERROR[39M] Farcaster fetch error
  {
  "module": "SignalEngine",
  "keyword": "POPCAT",
  "error": "Farcaster API 503"
}
2026-05-05 08:26:07.407 [[31MERROR[39M] Farcaster fetch error
  {
  "module": "SignalEngine",
  "keyword": "PENGU",
  "error": "Farcaster API 503"
}
2026-05-05 08:26:07.560 [[31MERROR[39M] Farcaster fetch error
  {
  "module": "SignalEngine",
  "keyword": "MOODENG",
  "error": "Farcaster API 503"
}
2026-05-05 08:26:35.721 [[31MERROR[39M] Farcaster fetch error
  {
  "module": "SignalEngine",
  "keyword": "WIF",
  "error": "Farcaster API 503"
}
2026-05-05 08:26:35.932 [[31MERROR[39M] Farcaster fetch error
  {
  "module": "SignalEngine",
  "keyword": "BONK",
  "error": "Farcaster API 503"
}
2026-05-05 08:26:36.126 [[31MERROR[39M] Farcaster fetch error
  {
  "module": "SignalEngine",
  "keyword": "POPCAT",
  "error": "Farcaster API 503"
}
2026-05-05 08:26:36.266 [[31MERROR[39M] Farcaster fetch error
  {
  "module": "SignalEngine",
  "keyword": "PENGU",
  "error": "Farcaster API 503"
}
2026-05-05 08:26:36.538 [[31MERROR[39M] Farcaster fetch error
  {
  "module": "SignalEngine",
  "keyword": "MOODENG",
  "error": "Farcaster API 503"
}
2026-05-05 08:27:05.728 [[31MERROR[39M] Farcaster fetch error
  {
  "module": "SignalEngine",
  "keyword": "WIF",
  "error": "Farcaster API 503"
}
2026-05-05 08:27:05.945 [[31MERROR[39M] Farcaster fetch error
  {
  "module": "SignalEngine",
  "keyword": "BONK",
  "error": "Farcaster API 503"
}
2026-05-05 08:27:06.141 [[31MERROR[39M] Farcaster fetch error
  {
  "module": "SignalEngine",
  "keyword": "POPCAT",
  "error": "Farcaster API 503"
}
2026-05-05 08:27:06.335 [[31MERROR[39M] Farcaster fetch error
  {
  "module": "SignalEngine",
  "keyword": "PENGU",
  "error": "Farcaster API 503"
}
2026-05-05 08:27:06.537 [[31MERROR[39M] Farcaster fetch error
  {
  "module": "SignalEngine",
  "keyword": "MOODENG",
  "error": "Farcaster API 503"
}
2026-05-05 08:27:35.759 [[31MERROR[39M] Farcaster fetch error
  {
  "module": "SignalEngine",
  "keyword": "WIF",
  "error": "Farcaster API 503"
}
2026-05-05 08:27:36.035 [[31MERROR[39M] Farcaster fetch error
  {
  "module": "SignalEngine",
  "keyword": "BONK",
  "error": "Farcaster API 503"
}
2026-05-05 08:27:36.235 [[31MERROR[39M] Farcaster fetch error
  {
  "module": "SignalEngine",
  "keyword": "POPCAT",
  "error": "Farcaster API 503"
}
2026-05-05 08:27:36.445 [[31MERROR[39M] Farcaster fetch error
  {
  "module": "SignalEngine",
  "keyword": "PENGU",
  "error": "Farcaster API 503"
}
2026-05-05 08:27:36.645 [[31MERROR[39M] Farcaster fetch error
  {
  "module": "SignalEngine",
  "keyword": "MOODENG",
  "error": "Farcaster API 503"
}
2026-05-05 08:28:05.727 [[31MERROR[39M] Farcaster fetch error
  {
  "module": "SignalEngine",
  "keyword": "WIF",
  "error": "Farcaster API 503"
}
2026-05-05 08:28:05.938 [[31MERROR[39M] Farcaster fetch error
  {
  "module": "SignalEngine",
  "keyword": "BONK",
  "error": "Farcaster API 503"
}
2026-05-05 08:28:06.135 [[31MERROR[39M] Farcaster fetch error
  {
  "module": "SignalEngine",
  "keyword": "POPCAT",
  "error": "Farcaster API 503"
}
2026-05-05 08:28:06.342 [[31MERROR[39M] Farcaster fetch error
  {
  "module": "SignalEngine",
  "keyword": "PENGU",
  "error": "Farcaster API 503"
}
2026-05-05 08:28:06.545 [[31MERROR[39M] Farcaster fetch error
  {
  "module": "SignalEngine",
  "keyword": "MOODENG",
  "error": "Farcaster API 503"
}
2026-05-05 08:28:35.903 [[31MERROR[39M] Farcaster fetch error
  {
  "module": "SignalEngine",
  "keyword": "WIF",
  "error": "Farcaster API 503"
}
2026-05-05 08:28:36.136 [[31MERROR[39M] Farcaster fetch error
  {
  "module": "SignalEngine",
  "keyword": "BONK",
  "error": "Farcaster API 503"
}
2026-05-05 08:28:36.343 [[31MERROR[39M] Farcaster fetch error
  {
  "module": "SignalEngine",
  "keyword": "POPCAT",
  "error": "Farcaster API 503"
}
2026-05-05 08:28:36.462 [[31MERROR[39M] Farcaster fetch error
  {
  "module": "SignalEngine",
  "keyword": "PENGU",
  "error": "Farcaster API 503"
}
2026-05-05 08:28:36.578 [[31MERROR[39M] Farcaster fetch error
  {
  "module": "SignalEngine",
  "keyword": "MOODENG",
  "error": "Farcaster API 503"
}
